#! /usr/bin/vvp
:ivl_version "12.0 (stable)";
:ivl_delay_selection "TYPICAL";
:vpi_time_precision - 12;
:vpi_module "/usr/lib/x86_64-linux-gnu/ivl/system.vpi";
:vpi_module "/usr/lib/x86_64-linux-gnu/ivl/vhdl_sys.vpi";
:vpi_module "/usr/lib/x86_64-linux-gnu/ivl/vhdl_textio.vpi";
:vpi_module "/usr/lib/x86_64-linux-gnu/ivl/v2005_math.vpi";
:vpi_module "/usr/lib/x86_64-linux-gnu/ivl/va_math.vpi";
:vpi_module "/usr/lib/x86_64-linux-gnu/ivl/v2009.vpi";
S_0x629e8c7d3080 .scope package, "$unit" "$unit" 2 1;
 .timescale 0 0;
S_0x629e8c7d23a0 .scope module, "riscv64_subset_core_multicycle_tb" "riscv64_subset_core_multicycle_tb" 3 3;
 .timescale -9 -12;
v0x629e8c806080_0 .var "clk", 0 0;
v0x629e8c806140_0 .net "dmem_addr", 63 0, v0x629e8c7fe8d0_0;  1 drivers
v0x629e8c806200_0 .net "dmem_data", 63 0, v0x629e8c801da0_0;  1 drivers
v0x629e8c8062a0_0 .net "dmem_fetch", 63 0, v0x629e8c7d83e0_0;  1 drivers
v0x629e8c806360_0 .net "dmem_read", 0 0, L_0x629e8c7d54c0;  1 drivers
v0x629e8c8064a0_0 .net "dmem_write", 0 0, L_0x629e8c7d82c0;  1 drivers
v0x629e8c806590_0 .net "imem_addr", 63 0, v0x629e8c8043e0_0;  1 drivers
v0x629e8c806650_0 .net "instr", 31 0, v0x629e8c805b00_0;  1 drivers
v0x629e8c8066f0_0 .var "reset", 0 0;
L_0x629e8c818740 .part v0x629e8c8043e0_0, 2, 12;
L_0x629e8c8187e0 .part v0x629e8c7fe8d0_0, 3, 12;
S_0x629e8c77ba40 .scope module, "data_memory" "synchronous_memory" 3 47, 4 1 0, S_0x629e8c7d23a0;
 .timescale -9 -12;
    .port_info 0 /INPUT 1 "clk";
    .port_info 1 /INPUT 1 "reset";
    .port_info 2 /INPUT 1 "read_enable";
    .port_info 3 /INPUT 1 "write_enable";
    .port_info 4 /INPUT 12 "addr";
    .port_info 5 /INPUT 64 "write_data";
    .port_info 6 /OUTPUT 64 "read_data";
P_0x629e8c77bbd0 .param/l "ADDR_WIDTH" 0 4 2, +C4<00000000000000000000000000001100>;
P_0x629e8c77bc10 .param/l "NUM_WORDS" 1 4 14, +C4<00000000000000000000000000000001000000000000>;
P_0x629e8c77bc50 .param/l "WORD_SIZE" 0 4 3, +C4<00000000000000000000000001000000>;
v0x629e8c7e3e30_0 .net "addr", 11 0, L_0x629e8c8187e0;  1 drivers
v0x629e8c7ddd10_0 .net "clk", 0 0, v0x629e8c806080_0;  1 drivers
v0x629e8c7dc410_0 .var/i "i", 31 0;
v0x629e8c7d55e0 .array "memory", 4095 0, 63 0;
v0x629e8c7d83e0_0 .var "read_data", 63 0;
v0x629e8c7d90f0_0 .net "read_enable", 0 0, L_0x629e8c7d54c0;  alias, 1 drivers
v0x629e8c7d7880_0 .net "reset", 0 0, v0x629e8c8066f0_0;  1 drivers
v0x629e8c7fd710_0 .net "write_data", 63 0, v0x629e8c801da0_0;  alias, 1 drivers
v0x629e8c7fd7f0_0 .net "write_enable", 0 0, L_0x629e8c7d82c0;  alias, 1 drivers
E_0x629e8c77a1c0 .event posedge, v0x629e8c7ddd10_0;
S_0x629e8c7fd990 .scope module, "dut" "riscv64_subset_core_multicycle" 3 17, 5 1 0, S_0x629e8c7d23a0;
 .timescale 0 0;
    .port_info 0 /INPUT 1 "clk";
    .port_info 1 /INPUT 1 "reset";
    .port_info 2 /INPUT 32 "instr";
    .port_info 3 /OUTPUT 64 "imem_addr";
    .port_info 4 /INPUT 64 "dmem_fetch";
    .port_info 5 /OUTPUT 1 "dmem_read";
    .port_info 6 /OUTPUT 1 "dmem_write";
    .port_info 7 /OUTPUT 64 "dmem_addr";
    .port_info 8 /OUTPUT 64 "dmem_data";
enum0x629e8c765530 .enum2/s (32)
   "IF" 0,
   "ID" 1,
   "EX" 2,
   "MEM" 3,
   "WB" 4
 ;
L_0x629e8c7ddbf0 .functor AND 1, v0x629e8c801650_0, L_0x629e8c818010, C4<1>, C4<1>;
L_0x629e8c7d54c0 .functor AND 1, v0x629e8c8008e0_0, L_0x629e8c8181f0, C4<1>, C4<1>;
L_0x629e8c7d82c0 .functor AND 1, v0x629e8c8009b0_0, L_0x629e8c8183d0, C4<1>, C4<1>;
L_0x7f4f27240018 .functor BUFT 1, C4<00000000000000000000000000000100>, C4<0>, C4<0>, C4<0>;
v0x629e8c803160_0 .net/2s *"_ivl_0", 31 0, L_0x7f4f27240018;  1 drivers
L_0x7f4f272400a8 .functor BUFT 1, C4<00000000000000000000000000000011>, C4<0>, C4<0>, C4<0>;
v0x629e8c803260_0 .net/2s *"_ivl_12", 31 0, L_0x7f4f272400a8;  1 drivers
v0x629e8c803340_0 .net *"_ivl_14", 0 0, L_0x629e8c8183d0;  1 drivers
v0x629e8c803410_0 .net *"_ivl_2", 0 0, L_0x629e8c818010;  1 drivers
L_0x7f4f27240060 .functor BUFT 1, C4<00000000000000000000000000000011>, C4<0>, C4<0>, C4<0>;
v0x629e8c8034d0_0 .net/2s *"_ivl_6", 31 0, L_0x7f4f27240060;  1 drivers
v0x629e8c8035b0_0 .net *"_ivl_8", 0 0, L_0x629e8c8181f0;  1 drivers
v0x629e8c803670_0 .var "alu_input2", 63 0;
v0x629e8c803730_0 .net "alu_opcode", 3 0, v0x629e8c800750_0;  1 drivers
v0x629e8c8037d0_0 .net "alu_result", 63 0, v0x629e8c7fe200_0;  1 drivers
v0x629e8c803920_0 .net "alu_result_wb", 63 0, v0x629e8c7ff0e0_0;  1 drivers
v0x629e8c8039e0_0 .net "branch", 0 0, v0x629e8c800840_0;  1 drivers
v0x629e8c803a80_0 .net "clk", 0 0, v0x629e8c806080_0;  alias, 1 drivers
v0x629e8c803b20_0 .net "dmem_addr", 63 0, v0x629e8c7fe8d0_0;  alias, 1 drivers
v0x629e8c803c10_0 .net "dmem_data", 63 0, v0x629e8c801da0_0;  alias, 1 drivers
v0x629e8c803d00_0 .net "dmem_fetch", 63 0, v0x629e8c7d83e0_0;  alias, 1 drivers
v0x629e8c803dc0_0 .net "dmem_read", 0 0, L_0x629e8c7d54c0;  alias, 1 drivers
v0x629e8c803e60_0 .net "dmem_read_dec", 0 0, v0x629e8c8008e0_0;  1 drivers
v0x629e8c803f30_0 .net "dmem_write", 0 0, L_0x629e8c7d82c0;  alias, 1 drivers
v0x629e8c804000_0 .net "dmem_write_dec", 0 0, v0x629e8c8009b0_0;  1 drivers
v0x629e8c8040d0_0 .net "illegal", 0 0, v0x629e8c800c80_0;  1 drivers
v0x629e8c8041a0_0 .net "imem_addr", 63 0, v0x629e8c8043e0_0;  alias, 1 drivers
v0x629e8c804240_0 .net "imm", 63 0, v0x629e8c800d40_0;  1 drivers
v0x629e8c804310_0 .net "instr", 31 0, v0x629e8c805b00_0;  alias, 1 drivers
v0x629e8c8043e0_0 .var "instr_addr", 63 0;
v0x629e8c804480_0 .net "load_instr", 0 0, v0x629e8c801210_0;  1 drivers
v0x629e8c804550_0 .var "next_instr_addr", 63 0;
v0x629e8c8045f0_0 .var/2s "processor_state", 31 0;
v0x629e8c8046b0_0 .net "reg_raddr1", 4 0, L_0x629e8c807e80;  1 drivers
v0x629e8c8047c0_0 .net "reg_raddr2", 4 0, L_0x629e8c807f20;  1 drivers
v0x629e8c8048d0_0 .net "reg_rdata1", 63 0, v0x629e8c8029b0_0;  1 drivers
v0x629e8c8049e0_0 .net "reg_rdata2", 63 0, v0x629e8c802aa0_0;  1 drivers
v0x629e8c804af0_0 .net "reg_waddr", 4 0, L_0x629e8c807db0;  1 drivers
v0x629e8c804c00_0 .var "reg_wdata", 63 0;
v0x629e8c804ed0_0 .net "reg_write", 0 0, L_0x629e8c7ddbf0;  1 drivers
v0x629e8c804f70_0 .net "reg_write_dec", 0 0, v0x629e8c801650_0;  1 drivers
v0x629e8c805010_0 .net "reset", 0 0, v0x629e8c8066f0_0;  alias, 1 drivers
v0x629e8c8050b0_0 .net "use_imm_in_alu", 0 0, v0x629e8c801710_0;  1 drivers
v0x629e8c805150_0 .net "zero_flag", 0 0, L_0x629e8c7d8fd0;  1 drivers
E_0x629e8c779ea0 .event anyedge, v0x629e8c800840_0, v0x629e8c7fe330_0, v0x629e8c8043e0_0, v0x629e8c800d40_0;
E_0x629e8c7e36a0 .event anyedge, v0x629e8c801210_0, v0x629e8c7d83e0_0, v0x629e8c7ff0e0_0;
E_0x629e8c7e3820 .event anyedge, v0x629e8c801710_0, v0x629e8c800d40_0, v0x629e8c801ea0_0;
L_0x629e8c818010 .cmp/eq 32, v0x629e8c8045f0_0, L_0x7f4f27240018;
L_0x629e8c8181f0 .cmp/eq 32, v0x629e8c8045f0_0, L_0x7f4f27240060;
L_0x629e8c8183d0 .cmp/eq 32, v0x629e8c8045f0_0, L_0x7f4f272400a8;
S_0x629e8c7fdc20 .scope module, "alu" "alu_64" 5 84, 6 1 0, S_0x629e8c7fd990;
 .timescale 0 0;
    .port_info 0 /INPUT 64 "operand_1";
    .port_info 1 /INPUT 64 "operand_2";
    .port_info 2 /INPUT 4 "opcode";
    .port_info 3 /OUTPUT 64 "result";
    .port_info 4 /OUTPUT 1 "zero_flag";
L_0x629e8c7d8fd0 .functor NOT 1, L_0x629e8c818560, C4<0>, C4<0>, C4<0>;
v0x629e8c7fdea0_0 .net *"_ivl_1", 0 0, L_0x629e8c818560;  1 drivers
v0x629e8c7fdf80_0 .net "opcode", 3 0, v0x629e8c800750_0;  alias, 1 drivers
v0x629e8c7fe060_0 .net "operand_1", 63 0, v0x629e8c8029b0_0;  alias, 1 drivers
v0x629e8c7fe120_0 .net "operand_2", 63 0, v0x629e8c803670_0;  1 drivers
v0x629e8c7fe200_0 .var "result", 63 0;
v0x629e8c7fe330_0 .net "zero_flag", 0 0, L_0x629e8c7d8fd0;  alias, 1 drivers
E_0x629e8c7fde20 .event anyedge, v0x629e8c7fdf80_0, v0x629e8c7fe060_0, v0x629e8c7fe120_0;
L_0x629e8c818560 .reduce/or v0x629e8c7fe200_0;
S_0x629e8c7fe490 .scope module, "alu_result_dff_ex_mem" "packed_dff" 5 96, 7 42 0, S_0x629e8c7fd990;
 .timescale -9 -12;
    .port_info 0 /INPUT 1 "clk";
    .port_info 1 /INPUT 1 "reset";
    .port_info 2 /INPUT 1 "write_enable";
    .port_info 3 /INPUT 64 "write_data";
    .port_info 4 /OUTPUT 64 "stored_data";
P_0x629e8c7fe690 .param/l "WORD_SIZE" 0 7 43, +C4<00000000000000000000000001000000>;
v0x629e8c7fe730_0 .net "clk", 0 0, v0x629e8c806080_0;  alias, 1 drivers
v0x629e8c7fe800_0 .net "reset", 0 0, v0x629e8c8066f0_0;  alias, 1 drivers
v0x629e8c7fe8d0_0 .var "stored_data", 63 0;
v0x629e8c7fe9a0_0 .net "write_data", 63 0, v0x629e8c7fe200_0;  alias, 1 drivers
L_0x7f4f272400f0 .functor BUFT 1, C4<1>, C4<0>, C4<0>, C4<0>;
v0x629e8c7fea70_0 .net "write_enable", 0 0, L_0x7f4f272400f0;  1 drivers
S_0x629e8c7fec00 .scope module, "alu_result_dff_mem_wb" "packed_dff" 5 122, 7 42 0, S_0x629e8c7fd990;
 .timescale -9 -12;
    .port_info 0 /INPUT 1 "clk";
    .port_info 1 /INPUT 1 "reset";
    .port_info 2 /INPUT 1 "write_enable";
    .port_info 3 /INPUT 64 "write_data";
    .port_info 4 /OUTPUT 64 "stored_data";
P_0x629e8c7fede0 .param/l "WORD_SIZE" 0 7 43, +C4<00000000000000000000000001000000>;
v0x629e8c7feee0_0 .net "clk", 0 0, v0x629e8c806080_0;  alias, 1 drivers
v0x629e8c7fefd0_0 .net "reset", 0 0, v0x629e8c8066f0_0;  alias, 1 drivers
v0x629e8c7ff0e0_0 .var "stored_data", 63 0;
v0x629e8c7ff180_0 .net "write_data", 63 0, v0x629e8c7fe8d0_0;  alias, 1 drivers
L_0x7f4f27240180 .functor BUFT 1, C4<1>, C4<0>, C4<0>, C4<0>;
v0x629e8c7ff240_0 .net "write_enable", 0 0, L_0x7f4f27240180;  1 drivers
S_0x629e8c7ff3d0 .scope module, "instr_decoder" "riscv_subset_decoder" 5 32, 8 15 0, S_0x629e8c7fd990;
 .timescale 0 0;
    .port_info 0 /INPUT 32 "instr";
    .port_info 1 /OUTPUT 1 "reg_write";
    .port_info 2 /OUTPUT 5 "reg_waddr";
    .port_info 3 /OUTPUT 5 "reg_raddr1";
    .port_info 4 /OUTPUT 5 "reg_raddr2";
    .port_info 5 /OUTPUT 1 "use_imm_in_alu";
    .port_info 6 /OUTPUT 64 "imm";
    .port_info 7 /OUTPUT 4 "alu_opcode";
    .port_info 8 /OUTPUT 1 "dmem_read";
    .port_info 9 /OUTPUT 1 "dmem_write";
    .port_info 10 /OUTPUT 1 "load_instr";
    .port_info 11 /OUTPUT 1 "branch";
    .port_info 12 /OUTPUT 1 "illegal";
v0x629e8c800750_0 .var "alu_opcode", 3 0;
v0x629e8c800840_0 .var "branch", 0 0;
v0x629e8c8008e0_0 .var "dmem_read", 0 0;
v0x629e8c8009b0_0 .var "dmem_write", 0 0;
v0x629e8c800a70_0 .net "funct3", 2 0, L_0x629e8c806950;  1 drivers
v0x629e8c800ba0_0 .net "funct7", 6 0, L_0x629e8c8069f0;  1 drivers
v0x629e8c800c80_0 .var "illegal", 0 0;
v0x629e8c800d40_0 .var "imm", 63 0;
v0x629e8c800e20_0 .var "imm12", 11 0;
v0x629e8c800ee0_0 .var "imm13", 12 0;
v0x629e8c800fb0_0 .net "imm_b", 63 0, L_0x629e8c807cc0;  1 drivers
v0x629e8c801080_0 .net "imm_mem", 63 0, L_0x629e8c807430;  1 drivers
v0x629e8c801150_0 .net "instr", 31 0, v0x629e8c805b00_0;  alias, 1 drivers
v0x629e8c801210_0 .var "load_instr", 0 0;
v0x629e8c8012d0_0 .net "opcode", 6 0, L_0x629e8c806820;  1 drivers
v0x629e8c8013b0_0 .net "reg_raddr1", 4 0, L_0x629e8c807e80;  alias, 1 drivers
v0x629e8c801490_0 .net "reg_raddr2", 4 0, L_0x629e8c807f20;  alias, 1 drivers
v0x629e8c801570_0 .net "reg_waddr", 4 0, L_0x629e8c807db0;  alias, 1 drivers
v0x629e8c801650_0 .var "reg_write", 0 0;
v0x629e8c801710_0 .var "use_imm_in_alu", 0 0;
E_0x629e8c7ff6f0/0 .event anyedge, v0x629e8c8012d0_0, v0x629e8c800a70_0, v0x629e8c801150_0, v0x629e8c800610_0;
E_0x629e8c7ff6f0/1 .event anyedge, v0x629e8c801150_0, v0x629e8c801150_0, v0x629e8c801150_0, v0x629e8c801150_0;
E_0x629e8c7ff6f0/2 .event anyedge, v0x629e8c801150_0, v0x629e8c801150_0, v0x629e8c7ffe50_0, v0x629e8c800ba0_0;
E_0x629e8c7ff6f0 .event/or E_0x629e8c7ff6f0/0, E_0x629e8c7ff6f0/1, E_0x629e8c7ff6f0/2;
L_0x629e8c806820 .part v0x629e8c805b00_0, 0, 7;
L_0x629e8c806950 .part v0x629e8c805b00_0, 12, 3;
L_0x629e8c8069f0 .part v0x629e8c805b00_0, 25, 7;
L_0x629e8c807db0 .part v0x629e8c805b00_0, 7, 5;
L_0x629e8c807e80 .part v0x629e8c805b00_0, 15, 5;
L_0x629e8c807f20 .part v0x629e8c805b00_0, 20, 5;
S_0x629e8c7ff7c0 .scope module, "imm_extender_b" "imm_sign_extend" 8 55, 8 1 0, S_0x629e8c7ff3d0;
 .timescale 0 0;
    .port_info 0 /INPUT 13 "imm_in";
    .port_info 1 /OUTPUT 64 "imm_out";
P_0x629e8c7e3ef0 .param/l "IMM_WIDTH_IN" 0 8 2, +C4<00000000000000000000000000001101>;
P_0x629e8c7e3f30 .param/l "IMM_WIDTH_OUT" 0 8 3, +C4<00000000000000000000000001000000>;
v0x629e8c7ffb80_0 .net *"_ivl_1", 0 0, L_0x629e8c807520;  1 drivers
v0x629e8c7ffc80_0 .net *"_ivl_2", 50 0, L_0x629e8c807610;  1 drivers
v0x629e8c7ffd60_0 .net "imm_in", 12 0, v0x629e8c800ee0_0;  1 drivers
v0x629e8c7ffe50_0 .net "imm_out", 63 0, L_0x629e8c807cc0;  alias, 1 drivers
L_0x629e8c807520 .part v0x629e8c800ee0_0, 12, 1;
LS_0x629e8c807610_0_0 .concat [ 1 1 1 1], L_0x629e8c807520, L_0x629e8c807520, L_0x629e8c807520, L_0x629e8c807520;
LS_0x629e8c807610_0_4 .concat [ 1 1 1 1], L_0x629e8c807520, L_0x629e8c807520, L_0x629e8c807520, L_0x629e8c807520;
LS_0x629e8c807610_0_8 .concat [ 1 1 1 1], L_0x629e8c807520, L_0x629e8c807520, L_0x629e8c807520, L_0x629e8c807520;
LS_0x629e8c807610_0_12 .concat [ 1 1 1 1], L_0x629e8c807520, L_0x629e8c807520, L_0x629e8c807520, L_0x629e8c807520;
LS_0x629e8c807610_0_16 .concat [ 1 1 1 1], L_0x629e8c807520, L_0x629e8c807520, L_0x629e8c807520, L_0x629e8c807520;
LS_0x629e8c807610_0_20 .concat [ 1 1 1 1], L_0x629e8c807520, L_0x629e8c807520, L_0x629e8c807520, L_0x629e8c807520;
LS_0x629e8c807610_0_24 .concat [ 1 1 1 1], L_0x629e8c807520, L_0x629e8c807520, L_0x629e8c807520, L_0x629e8c807520;
LS_0x629e8c807610_0_28 .concat [ 1 1 1 1], L_0x629e8c807520, L_0x629e8c807520, L_0x629e8c807520, L_0x629e8c807520;
LS_0x629e8c807610_0_32 .concat [ 1 1 1 1], L_0x629e8c807520, L_0x629e8c807520, L_0x629e8c807520, L_0x629e8c807520;
LS_0x629e8c807610_0_36 .concat [ 1 1 1 1], L_0x629e8c807520, L_0x629e8c807520, L_0x629e8c807520, L_0x629e8c807520;
LS_0x629e8c807610_0_40 .concat [ 1 1 1 1], L_0x629e8c807520, L_0x629e8c807520, L_0x629e8c807520, L_0x629e8c807520;
LS_0x629e8c807610_0_44 .concat [ 1 1 1 1], L_0x629e8c807520, L_0x629e8c807520, L_0x629e8c807520, L_0x629e8c807520;
LS_0x629e8c807610_0_48 .concat [ 1 1 1 0], L_0x629e8c807520, L_0x629e8c807520, L_0x629e8c807520;
LS_0x629e8c807610_1_0 .concat [ 4 4 4 4], LS_0x629e8c807610_0_0, LS_0x629e8c807610_0_4, LS_0x629e8c807610_0_8, LS_0x629e8c807610_0_12;
LS_0x629e8c807610_1_4 .concat [ 4 4 4 4], LS_0x629e8c807610_0_16, LS_0x629e8c807610_0_20, LS_0x629e8c807610_0_24, LS_0x629e8c807610_0_28;
LS_0x629e8c807610_1_8 .concat [ 4 4 4 4], LS_0x629e8c807610_0_32, LS_0x629e8c807610_0_36, LS_0x629e8c807610_0_40, LS_0x629e8c807610_0_44;
LS_0x629e8c807610_1_12 .concat [ 3 0 0 0], LS_0x629e8c807610_0_48;
L_0x629e8c807610 .concat [ 16 16 16 3], LS_0x629e8c807610_1_0, LS_0x629e8c807610_1_4, LS_0x629e8c807610_1_8, LS_0x629e8c807610_1_12;
L_0x629e8c807cc0 .concat [ 13 51 0 0], v0x629e8c800ee0_0, L_0x629e8c807610;
S_0x629e8c7fff90 .scope module, "imm_extender_mem" "imm_sign_extend" 8 47, 8 1 0, S_0x629e8c7ff3d0;
 .timescale 0 0;
    .port_info 0 /INPUT 12 "imm_in";
    .port_info 1 /OUTPUT 64 "imm_out";
P_0x629e8c7ffa10 .param/l "IMM_WIDTH_IN" 0 8 2, +C4<00000000000000000000000000001100>;
P_0x629e8c7ffa50 .param/l "IMM_WIDTH_OUT" 0 8 3, +C4<00000000000000000000000001000000>;
v0x629e8c800340_0 .net *"_ivl_1", 0 0, L_0x629e8c806a90;  1 drivers
v0x629e8c800440_0 .net *"_ivl_2", 51 0, L_0x629e8c806b30;  1 drivers
v0x629e8c800520_0 .net "imm_in", 11 0, v0x629e8c800e20_0;  1 drivers
v0x629e8c800610_0 .net "imm_out", 63 0, L_0x629e8c807430;  alias, 1 drivers
L_0x629e8c806a90 .part v0x629e8c800e20_0, 11, 1;
LS_0x629e8c806b30_0_0 .concat [ 1 1 1 1], L_0x629e8c806a90, L_0x629e8c806a90, L_0x629e8c806a90, L_0x629e8c806a90;
LS_0x629e8c806b30_0_4 .concat [ 1 1 1 1], L_0x629e8c806a90, L_0x629e8c806a90, L_0x629e8c806a90, L_0x629e8c806a90;
LS_0x629e8c806b30_0_8 .concat [ 1 1 1 1], L_0x629e8c806a90, L_0x629e8c806a90, L_0x629e8c806a90, L_0x629e8c806a90;
LS_0x629e8c806b30_0_12 .concat [ 1 1 1 1], L_0x629e8c806a90, L_0x629e8c806a90, L_0x629e8c806a90, L_0x629e8c806a90;
LS_0x629e8c806b30_0_16 .concat [ 1 1 1 1], L_0x629e8c806a90, L_0x629e8c806a90, L_0x629e8c806a90, L_0x629e8c806a90;
LS_0x629e8c806b30_0_20 .concat [ 1 1 1 1], L_0x629e8c806a90, L_0x629e8c806a90, L_0x629e8c806a90, L_0x629e8c806a90;
LS_0x629e8c806b30_0_24 .concat [ 1 1 1 1], L_0x629e8c806a90, L_0x629e8c806a90, L_0x629e8c806a90, L_0x629e8c806a90;
LS_0x629e8c806b30_0_28 .concat [ 1 1 1 1], L_0x629e8c806a90, L_0x629e8c806a90, L_0x629e8c806a90, L_0x629e8c806a90;
LS_0x629e8c806b30_0_32 .concat [ 1 1 1 1], L_0x629e8c806a90, L_0x629e8c806a90, L_0x629e8c806a90, L_0x629e8c806a90;
LS_0x629e8c806b30_0_36 .concat [ 1 1 1 1], L_0x629e8c806a90, L_0x629e8c806a90, L_0x629e8c806a90, L_0x629e8c806a90;
LS_0x629e8c806b30_0_40 .concat [ 1 1 1 1], L_0x629e8c806a90, L_0x629e8c806a90, L_0x629e8c806a90, L_0x629e8c806a90;
LS_0x629e8c806b30_0_44 .concat [ 1 1 1 1], L_0x629e8c806a90, L_0x629e8c806a90, L_0x629e8c806a90, L_0x629e8c806a90;
LS_0x629e8c806b30_0_48 .concat [ 1 1 1 1], L_0x629e8c806a90, L_0x629e8c806a90, L_0x629e8c806a90, L_0x629e8c806a90;
LS_0x629e8c806b30_1_0 .concat [ 4 4 4 4], LS_0x629e8c806b30_0_0, LS_0x629e8c806b30_0_4, LS_0x629e8c806b30_0_8, LS_0x629e8c806b30_0_12;
LS_0x629e8c806b30_1_4 .concat [ 4 4 4 4], LS_0x629e8c806b30_0_16, LS_0x629e8c806b30_0_20, LS_0x629e8c806b30_0_24, LS_0x629e8c806b30_0_28;
LS_0x629e8c806b30_1_8 .concat [ 4 4 4 4], LS_0x629e8c806b30_0_32, LS_0x629e8c806b30_0_36, LS_0x629e8c806b30_0_40, LS_0x629e8c806b30_0_44;
LS_0x629e8c806b30_1_12 .concat [ 4 0 0 0], LS_0x629e8c806b30_0_48;
L_0x629e8c806b30 .concat [ 16 16 16 4], LS_0x629e8c806b30_1_0, LS_0x629e8c806b30_1_4, LS_0x629e8c806b30_1_8, LS_0x629e8c806b30_1_12;
L_0x629e8c807430 .concat [ 12 52 0 0], v0x629e8c800e20_0, L_0x629e8c806b30;
S_0x629e8c801970 .scope module, "reg_rdata2_dff_ex_mem" "packed_dff" 5 106, 7 42 0, S_0x629e8c7fd990;
 .timescale -9 -12;
    .port_info 0 /INPUT 1 "clk";
    .port_info 1 /INPUT 1 "reset";
    .port_info 2 /INPUT 1 "write_enable";
    .port_info 3 /INPUT 64 "write_data";
    .port_info 4 /OUTPUT 64 "stored_data";
P_0x629e8c801b50 .param/l "WORD_SIZE" 0 7 43, +C4<00000000000000000000000001000000>;
v0x629e8c801c20_0 .net "clk", 0 0, v0x629e8c806080_0;  alias, 1 drivers
v0x629e8c801ce0_0 .net "reset", 0 0, v0x629e8c8066f0_0;  alias, 1 drivers
v0x629e8c801da0_0 .var "stored_data", 63 0;
v0x629e8c801ea0_0 .net "write_data", 63 0, v0x629e8c802aa0_0;  alias, 1 drivers
L_0x7f4f27240138 .functor BUFT 1, C4<1>, C4<0>, C4<0>, C4<0>;
v0x629e8c801f40_0 .net "write_enable", 0 0, L_0x7f4f27240138;  1 drivers
S_0x629e8c8020f0 .scope module, "regfile" "riscv_regfile" 5 60, 7 1 0, S_0x629e8c7fd990;
 .timescale -9 -12;
    .port_info 0 /INPUT 1 "clk";
    .port_info 1 /INPUT 1 "reset";
    .port_info 2 /INPUT 1 "write_enable";
    .port_info 3 /INPUT 64 "write_data";
    .port_info 4 /INPUT 5 "write_addr";
    .port_info 5 /INPUT 5 "read_addr1";
    .port_info 6 /INPUT 5 "read_addr2";
    .port_info 7 /OUTPUT 64 "read_port1";
    .port_info 8 /OUTPUT 64 "read_port2";
v0x629e8c802480_0 .net "clk", 0 0, v0x629e8c806080_0;  alias, 1 drivers
v0x629e8c802540 .array "data", 31 0, 63 0;
v0x629e8c802600_0 .var/i "i", 31 0;
v0x629e8c8026c0_0 .net "read_addr1", 4 0, L_0x629e8c807e80;  alias, 1 drivers
v0x629e8c8027b0_0 .var "read_addr1_nonzero", 0 0;
v0x629e8c802850_0 .net "read_addr2", 4 0, L_0x629e8c807f20;  alias, 1 drivers
v0x629e8c802910_0 .var "read_addr2_nonzero", 0 0;
v0x629e8c8029b0_0 .var "read_port1", 63 0;
v0x629e8c802aa0_0 .var "read_port2", 63 0;
v0x629e8c802c00_0 .net "reset", 0 0, v0x629e8c8066f0_0;  alias, 1 drivers
v0x629e8c802d30_0 .net "write_addr", 4 0, L_0x629e8c807db0;  alias, 1 drivers
v0x629e8c802e00_0 .var "write_addr_nonzero", 0 0;
v0x629e8c802ea0_0 .net "write_data", 63 0, v0x629e8c804c00_0;  1 drivers
v0x629e8c802f80_0 .net "write_enable", 0 0, L_0x629e8c7ddbf0;  alias, 1 drivers
E_0x629e8c802400 .event anyedge, v0x629e8c801570_0, v0x629e8c8013b0_0, v0x629e8c801490_0;
S_0x629e8c8052c0 .scope module, "instr_memory" "synchronous_memory" 3 34, 4 1 0, S_0x629e8c7d23a0;
 .timescale -9 -12;
    .port_info 0 /INPUT 1 "clk";
    .port_info 1 /INPUT 1 "reset";
    .port_info 2 /INPUT 1 "read_enable";
    .port_info 3 /INPUT 1 "write_enable";
    .port_info 4 /INPUT 12 "addr";
    .port_info 5 /INPUT 32 "write_data";
    .port_info 6 /OUTPUT 32 "read_data";
P_0x629e8c805480 .param/l "ADDR_WIDTH" 0 4 2, +C4<00000000000000000000000000001100>;
P_0x629e8c8054c0 .param/l "NUM_WORDS" 1 4 14, +C4<00000000000000000000000000000001000000000000>;
P_0x629e8c805500 .param/l "WORD_SIZE" 0 4 3, +C4<00000000000000000000000000100000>;
v0x629e8c8057d0_0 .net "addr", 11 0, L_0x629e8c818740;  1 drivers
v0x629e8c8058b0_0 .net "clk", 0 0, v0x629e8c806080_0;  alias, 1 drivers
v0x629e8c805970_0 .var/i "i", 31 0;
v0x629e8c805a40 .array "memory", 4095 0, 31 0;
v0x629e8c805b00_0 .var "read_data", 31 0;
L_0x7f4f272401c8 .functor BUFT 1, C4<1>, C4<0>, C4<0>, C4<0>;
v0x629e8c805c60_0 .net "read_enable", 0 0, L_0x7f4f272401c8;  1 drivers
v0x629e8c805d20_0 .net "reset", 0 0, v0x629e8c8066f0_0;  alias, 1 drivers
L_0x7f4f27240258 .functor BUFT 1, C4<00000000000000000000000000000000>, C4<0>, C4<0>, C4<0>;
v0x629e8c805dc0_0 .net "write_data", 31 0, L_0x7f4f27240258;  1 drivers
L_0x7f4f27240210 .functor BUFT 1, C4<0>, C4<0>, C4<0>, C4<0>;
v0x629e8c805ea0_0 .net "write_enable", 0 0, L_0x7f4f27240210;  1 drivers
    .scope S_0x629e8c7ff3d0;
T_0 ;
Ewait_0 .event/or E_0x629e8c7ff6f0, E_0x0;
    %wait Ewait_0;
    %pushi/vec4 0, 0, 1;
    %store/vec4 v0x629e8c801650_0, 0, 1;
    %pushi/vec4 0, 0, 1;
    %store/vec4 v0x629e8c801710_0, 0, 1;
    %pushi/vec4 0, 0, 12;
    %store/vec4 v0x629e8c800e20_0, 0, 12;
    %pushi/vec4 0, 0, 13;
    %store/vec4 v0x629e8c800ee0_0, 0, 13;
    %pushi/vec4 0, 0, 64;
    %store/vec4 v0x629e8c800d40_0, 0, 64;
    %pushi/vec4 0, 0, 4;
    %store/vec4 v0x629e8c800750_0, 0, 4;
    %pushi/vec4 0, 0, 1;
    %store/vec4 v0x629e8c8008e0_0, 0, 1;
    %pushi/vec4 0, 0, 1;
    %store/vec4 v0x629e8c8009b0_0, 0, 1;
    %pushi/vec4 0, 0, 1;
    %store/vec4 v0x629e8c801210_0, 0, 1;
    %pushi/vec4 0, 0, 1;
    %store/vec4 v0x629e8c800840_0, 0, 1;
    %pushi/vec4 1, 0, 1;
    %store/vec4 v0x629e8c800c80_0, 0, 1;
    %load/vec4 v0x629e8c8012d0_0;
    %dup/vec4;
    %pushi/vec4 3, 0, 7;
    %cmp/u;
    %jmp/1 T_0.0, 6;
    %dup/vec4;
    %pushi/vec4 35, 0, 7;
    %cmp/u;
    %jmp/1 T_0.1, 6;
    %dup/vec4;
    %pushi/vec4 99, 0, 7;
    %cmp/u;
    %jmp/1 T_0.2, 6;
    %dup/vec4;
    %pushi/vec4 51, 0, 7;
    %cmp/u;
    %jmp/1 T_0.3, 6;
    %dup/vec4;
    %pushi/vec4 19, 0, 7;
    %cmp/u;
    %jmp/1 T_0.4, 6;
    %jmp T_0.5;
T_0.0 ;
    %load/vec4 v0x629e8c800a70_0;
    %cmpi/e 3, 0, 3;
    %jmp/0xz  T_0.6, 4;
    %pushi/vec4 1, 0, 1;
    %store/vec4 v0x629e8c801650_0, 0, 1;
    %pushi/vec4 1, 0, 1;
    %store/vec4 v0x629e8c801710_0, 0, 1;
    %load/vec4 v0x629e8c801150_0;
    %parti/s 12, 20, 6;
    %store/vec4 v0x629e8c800e20_0, 0, 12;
    %load/vec4 v0x629e8c801080_0;
    %store/vec4 v0x629e8c800d40_0, 0, 64;
    %pushi/vec4 2, 0, 4;
    %store/vec4 v0x629e8c800750_0, 0, 4;
    %pushi/vec4 1, 0, 1;
    %store/vec4 v0x629e8c8008e0_0, 0, 1;
    %pushi/vec4 1, 0, 1;
    %store/vec4 v0x629e8c801210_0, 0, 1;
    %pushi/vec4 0, 0, 1;
    %store/vec4 v0x629e8c800c80_0, 0, 1;
T_0.6 ;
    %jmp T_0.5;
T_0.1 ;
    %load/vec4 v0x629e8c800a70_0;
    %cmpi/e 3, 0, 3;
    %jmp/0xz  T_0.8, 4;
    %pushi/vec4 1, 0, 1;
    %store/vec4 v0x629e8c801710_0, 0, 1;
    %load/vec4 v0x629e8c801150_0;
    %parti/s 7, 25, 6;
    %load/vec4 v0x629e8c801150_0;
    %parti/s 5, 7, 4;
    %concat/vec4; draw_concat_vec4
    %store/vec4 v0x629e8c800e20_0, 0, 12;
    %load/vec4 v0x629e8c801080_0;
    %store/vec4 v0x629e8c800d40_0, 0, 64;
    %pushi/vec4 2, 0, 4;
    %store/vec4 v0x629e8c800750_0, 0, 4;
    %pushi/vec4 1, 0, 1;
    %store/vec4 v0x629e8c8009b0_0, 0, 1;
    %pushi/vec4 0, 0, 1;
    %store/vec4 v0x629e8c800c80_0, 0, 1;
T_0.8 ;
    %jmp T_0.5;
T_0.2 ;
    %load/vec4 v0x629e8c800a70_0;
    %cmpi/e 0, 0, 3;
    %jmp/0xz  T_0.10, 4;
    %pushi/vec4 6, 0, 4;
    %store/vec4 v0x629e8c800750_0, 0, 4;
    %pushi/vec4 1, 0, 1;
    %store/vec4 v0x629e8c800840_0, 0, 1;
    %load/vec4 v0x629e8c801150_0;
    %parti/s 1, 31, 6;
    %load/vec4 v0x629e8c801150_0;
    %parti/s 1, 7, 4;
    %concat/vec4; draw_concat_vec4
    %load/vec4 v0x629e8c801150_0;
    %parti/s 6, 25, 6;
    %concat/vec4; draw_concat_vec4
    %load/vec4 v0x629e8c801150_0;
    %parti/s 4, 8, 5;
    %concat/vec4; draw_concat_vec4
    %concati/vec4 0, 0, 1;
    %store/vec4 v0x629e8c800ee0_0, 0, 13;
    %load/vec4 v0x629e8c800fb0_0;
    %store/vec4 v0x629e8c800d40_0, 0, 64;
    %pushi/vec4 0, 0, 1;
    %store/vec4 v0x629e8c800c80_0, 0, 1;
T_0.10 ;
    %jmp T_0.5;
T_0.3 ;
    %load/vec4 v0x629e8c800ba0_0;
    %load/vec4 v0x629e8c800a70_0;
    %concat/vec4; draw_concat_vec4
    %dup/vec4;
    %pushi/vec4 7, 0, 10;
    %cmp/u;
    %jmp/1 T_0.12, 6;
    %dup/vec4;
    %pushi/vec4 6, 0, 10;
    %cmp/u;
    %jmp/1 T_0.13, 6;
    %dup/vec4;
    %pushi/vec4 0, 0, 10;
    %cmp/u;
    %jmp/1 T_0.14, 6;
    %dup/vec4;
    %pushi/vec4 256, 0, 10;
    %cmp/u;
    %jmp/1 T_0.15, 6;
    %jmp T_0.16;
T_0.12 ;
    %pushi/vec4 1, 0, 1;
    %store/vec4 v0x629e8c801650_0, 0, 1;
    %pushi/vec4 0, 0, 4;
    %store/vec4 v0x629e8c800750_0, 0, 4;
    %pushi/vec4 0, 0, 1;
    %store/vec4 v0x629e8c800c80_0, 0, 1;
    %jmp T_0.16;
T_0.13 ;
    %pushi/vec4 1, 0, 1;
    %store/vec4 v0x629e8c801650_0, 0, 1;
    %pushi/vec4 1, 0, 4;
    %store/vec4 v0x629e8c800750_0, 0, 4;
    %pushi/vec4 0, 0, 1;
    %store/vec4 v0x629e8c800c80_0, 0, 1;
    %jmp T_0.16;
T_0.14 ;
    %pushi/vec4 1, 0, 1;
    %store/vec4 v0x629e8c801650_0, 0, 1;
    %pushi/vec4 2, 0, 4;
    %store/vec4 v0x629e8c800750_0, 0, 4;
    %pushi/vec4 0, 0, 1;
    %store/vec4 v0x629e8c800c80_0, 0, 1;
    %jmp T_0.16;
T_0.15 ;
    %pushi/vec4 1, 0, 1;
    %store/vec4 v0x629e8c801650_0, 0, 1;
    %pushi/vec4 6, 0, 4;
    %store/vec4 v0x629e8c800750_0, 0, 4;
    %pushi/vec4 0, 0, 1;
    %store/vec4 v0x629e8c800c80_0, 0, 1;
    %jmp T_0.16;
T_0.16 ;
    %pop/vec4 1;
    %jmp T_0.5;
T_0.4 ;
    %load/vec4 v0x629e8c800a70_0;
    %dup/vec4;
    %pushi/vec4 7, 0, 3;
    %cmp/u;
    %jmp/1 T_0.17, 6;
    %dup/vec4;
    %pushi/vec4 6, 0, 3;
    %cmp/u;
    %jmp/1 T_0.18, 6;
    %dup/vec4;
    %pushi/vec4 0, 0, 3;
    %cmp/u;
    %jmp/1 T_0.19, 6;
    %jmp T_0.20;
T_0.17 ;
    %pushi/vec4 1, 0, 1;
    %store/vec4 v0x629e8c801650_0, 0, 1;
    %pushi/vec4 0, 0, 4;
    %store/vec4 v0x629e8c800750_0, 0, 4;
    %pushi/vec4 1, 0, 1;
    %store/vec4 v0x629e8c801710_0, 0, 1;
    %load/vec4 v0x629e8c801150_0;
    %parti/s 12, 20, 6;
    %store/vec4 v0x629e8c800e20_0, 0, 12;
    %load/vec4 v0x629e8c801080_0;
    %store/vec4 v0x629e8c800d40_0, 0, 64;
    %pushi/vec4 0, 0, 1;
    %store/vec4 v0x629e8c800c80_0, 0, 1;
    %jmp T_0.20;
T_0.18 ;
    %pushi/vec4 1, 0, 1;
    %store/vec4 v0x629e8c801650_0, 0, 1;
    %pushi/vec4 1, 0, 4;
    %store/vec4 v0x629e8c800750_0, 0, 4;
    %pushi/vec4 1, 0, 1;
    %store/vec4 v0x629e8c801710_0, 0, 1;
    %load/vec4 v0x629e8c801150_0;
    %parti/s 12, 20, 6;
    %store/vec4 v0x629e8c800e20_0, 0, 12;
    %load/vec4 v0x629e8c801080_0;
    %store/vec4 v0x629e8c800d40_0, 0, 64;
    %pushi/vec4 0, 0, 1;
    %store/vec4 v0x629e8c800c80_0, 0, 1;
    %jmp T_0.20;
T_0.19 ;
    %pushi/vec4 1, 0, 1;
    %store/vec4 v0x629e8c801650_0, 0, 1;
    %pushi/vec4 2, 0, 4;
    %store/vec4 v0x629e8c800750_0, 0, 4;
    %pushi/vec4 1, 0, 1;
    %store/vec4 v0x629e8c801710_0, 0, 1;
    %load/vec4 v0x629e8c801150_0;
    %parti/s 12, 20, 6;
    %store/vec4 v0x629e8c800e20_0, 0, 12;
    %load/vec4 v0x629e8c801080_0;
    %store/vec4 v0x629e8c800d40_0, 0, 64;
    %pushi/vec4 0, 0, 1;
    %store/vec4 v0x629e8c800c80_0, 0, 1;
    %jmp T_0.20;
T_0.20 ;
    %pop/vec4 1;
    %jmp T_0.5;
T_0.5 ;
    %pop/vec4 1;
    %jmp T_0;
    .thread T_0, $push;
    .scope S_0x629e8c8020f0;
T_1 ;
Ewait_1 .event/or E_0x629e8c802400, E_0x0;
    %wait Ewait_1;
    %load/vec4 v0x629e8c802d30_0;
    %or/r;
    %store/vec4 v0x629e8c802e00_0, 0, 1;
    %load/vec4 v0x629e8c8026c0_0;
    %or/r;
    %store/vec4 v0x629e8c8027b0_0, 0, 1;
    %load/vec4 v0x629e8c802850_0;
    %or/r;
    %store/vec4 v0x629e8c802910_0, 0, 1;
    %jmp T_1;
    .thread T_1, $push;
    .scope S_0x629e8c8020f0;
T_2 ;
    %wait E_0x629e8c77a1c0;
    %load/vec4 v0x629e8c802c00_0;
    %flag_set/vec4 8;
    %jmp/0xz  T_2.0, 8;
    %pushi/vec4 0, 0, 32;
    %store/vec4 v0x629e8c802600_0, 0, 32;
T_2.2 ;
    %load/vec4 v0x629e8c802600_0;
    %cmpi/s 32, 0, 32;
    %jmp/0xz T_2.3, 5;
    %pushi/vec4 0, 0, 64;
    %ix/getv/s 3, v0x629e8c802600_0;
    %ix/load 4, 0, 0; Constant delay
    %assign/vec4/a/d v0x629e8c802540, 0, 4;
    %load/vec4 v0x629e8c802600_0;
    %addi 1, 0, 32;
    %store/vec4 v0x629e8c802600_0, 0, 32;
    %jmp T_2.2;
T_2.3 ;
    %jmp T_2.1;
T_2.0 ;
    %load/vec4 v0x629e8c802f80_0;
    %flag_set/vec4 9;
    %flag_get/vec4 9;
    %jmp/0 T_2.6, 9;
    %load/vec4 v0x629e8c802e00_0;
    %and;
T_2.6;
    %flag_set/vec4 8;
    %jmp/0xz  T_2.4, 8;
    %load/vec4 v0x629e8c802ea0_0;
    %load/vec4 v0x629e8c802d30_0;
    %pad/u 7;
    %ix/vec4 3;
    %ix/load 4, 0, 0; Constant delay
    %assign/vec4/a/d v0x629e8c802540, 0, 4;
T_2.4 ;
    %load/vec4 v0x629e8c8026c0_0;
    %pad/u 7;
    %ix/vec4 4;
    %load/vec4a v0x629e8c802540, 4;
    %load/vec4 v0x629e8c8027b0_0;
    %replicate 64;
    %and;
    %assign/vec4 v0x629e8c8029b0_0, 0;
    %load/vec4 v0x629e8c802850_0;
    %pad/u 7;
    %ix/vec4 4;
    %load/vec4a v0x629e8c802540, 4;
    %load/vec4 v0x629e8c802910_0;
    %replicate 64;
    %and;
    %assign/vec4 v0x629e8c802aa0_0, 0;
T_2.1 ;
    %jmp T_2;
    .thread T_2;
    .scope S_0x629e8c7fdc20;
T_3 ;
Ewait_2 .event/or E_0x629e8c7fde20, E_0x0;
    %wait Ewait_2;
    %pushi/vec4 0, 0, 64;
    %store/vec4 v0x629e8c7fe200_0, 0, 64;
    %load/vec4 v0x629e8c7fdf80_0;
    %dup/vec4;
    %pushi/vec4 0, 0, 4;
    %cmp/u;
    %jmp/1 T_3.0, 6;
    %dup/vec4;
    %pushi/vec4 1, 0, 4;
    %cmp/u;
    %jmp/1 T_3.1, 6;
    %dup/vec4;
    %pushi/vec4 2, 0, 4;
    %cmp/u;
    %jmp/1 T_3.2, 6;
    %dup/vec4;
    %pushi/vec4 6, 0, 4;
    %cmp/u;
    %jmp/1 T_3.3, 6;
    %jmp T_3.4;
T_3.0 ;
    %load/vec4 v0x629e8c7fe060_0;
    %load/vec4 v0x629e8c7fe120_0;
    %and;
    %store/vec4 v0x629e8c7fe200_0, 0, 64;
    %jmp T_3.4;
T_3.1 ;
    %load/vec4 v0x629e8c7fe060_0;
    %load/vec4 v0x629e8c7fe120_0;
    %or;
    %store/vec4 v0x629e8c7fe200_0, 0, 64;
    %jmp T_3.4;
T_3.2 ;
    %load/vec4 v0x629e8c7fe060_0;
    %load/vec4 v0x629e8c7fe120_0;
    %add;
    %store/vec4 v0x629e8c7fe200_0, 0, 64;
    %jmp T_3.4;
T_3.3 ;
    %load/vec4 v0x629e8c7fe060_0;
    %load/vec4 v0x629e8c7fe120_0;
    %sub;
    %store/vec4 v0x629e8c7fe200_0, 0, 64;
    %jmp T_3.4;
T_3.4 ;
    %pop/vec4 1;
    %jmp T_3;
    .thread T_3, $push;
    .scope S_0x629e8c7fe490;
T_4 ;
    %wait E_0x629e8c77a1c0;
    %load/vec4 v0x629e8c7fe800_0;
    %flag_set/vec4 8;
    %jmp/0xz  T_4.0, 8;
    %pushi/vec4 0, 0, 64;
    %assign/vec4 v0x629e8c7fe8d0_0, 0;
    %jmp T_4.1;
T_4.0 ;
    %load/vec4 v0x629e8c7fea70_0;
    %flag_set/vec4 8;
    %jmp/0xz  T_4.2, 8;
    %load/vec4 v0x629e8c7fe9a0_0;
    %assign/vec4 v0x629e8c7fe8d0_0, 0;
T_4.2 ;
T_4.1 ;
    %jmp T_4;
    .thread T_4;
    .scope S_0x629e8c801970;
T_5 ;
    %wait E_0x629e8c77a1c0;
    %load/vec4 v0x629e8c801ce0_0;
    %flag_set/vec4 8;
    %jmp/0xz  T_5.0, 8;
    %pushi/vec4 0, 0, 64;
    %assign/vec4 v0x629e8c801da0_0, 0;
    %jmp T_5.1;
T_5.0 ;
    %load/vec4 v0x629e8c801f40_0;
    %flag_set/vec4 8;
    %jmp/0xz  T_5.2, 8;
    %load/vec4 v0x629e8c801ea0_0;
    %assign/vec4 v0x629e8c801da0_0, 0;
T_5.2 ;
T_5.1 ;
    %jmp T_5;
    .thread T_5;
    .scope S_0x629e8c7fec00;
T_6 ;
    %wait E_0x629e8c77a1c0;
    %load/vec4 v0x629e8c7fefd0_0;
    %flag_set/vec4 8;
    %jmp/0xz  T_6.0, 8;
    %pushi/vec4 0, 0, 64;
    %assign/vec4 v0x629e8c7ff0e0_0, 0;
    %jmp T_6.1;
T_6.0 ;
    %load/vec4 v0x629e8c7ff240_0;
    %flag_set/vec4 8;
    %jmp/0xz  T_6.2, 8;
    %load/vec4 v0x629e8c7ff180_0;
    %assign/vec4 v0x629e8c7ff0e0_0, 0;
T_6.2 ;
T_6.1 ;
    %jmp T_6;
    .thread T_6;
    .scope S_0x629e8c7fd990;
T_7 ;
Ewait_3 .event/or E_0x629e8c7e3820, E_0x0;
    %wait Ewait_3;
    %load/vec4 v0x629e8c8050b0_0;
    %flag_set/vec4 8;
    %jmp/0xz  T_7.0, 8;
    %load/vec4 v0x629e8c804240_0;
    %store/vec4 v0x629e8c803670_0, 0, 64;
    %jmp T_7.1;
T_7.0 ;
    %load/vec4 v0x629e8c8049e0_0;
    %store/vec4 v0x629e8c803670_0, 0, 64;
T_7.1 ;
    %jmp T_7;
    .thread T_7, $push;
    .scope S_0x629e8c7fd990;
T_8 ;
Ewait_4 .event/or E_0x629e8c7e36a0, E_0x0;
    %wait Ewait_4;
    %load/vec4 v0x629e8c804480_0;
    %flag_set/vec4 8;
    %jmp/0xz  T_8.0, 8;
    %load/vec4 v0x629e8c803d00_0;
    %store/vec4 v0x629e8c804c00_0, 0, 64;
    %jmp T_8.1;
T_8.0 ;
    %load/vec4 v0x629e8c803920_0;
    %store/vec4 v0x629e8c804c00_0, 0, 64;
T_8.1 ;
    %jmp T_8;
    .thread T_8, $push;
    .scope S_0x629e8c7fd990;
T_9 ;
Ewait_5 .event/or E_0x629e8c779ea0, E_0x0;
    %wait Ewait_5;
    %load/vec4 v0x629e8c8039e0_0;
    %load/vec4 v0x629e8c805150_0;
    %and;
    %flag_set/vec4 8;
    %jmp/0xz  T_9.0, 8;
    %load/vec4 v0x629e8c8043e0_0;
    %load/vec4 v0x629e8c804240_0;
    %add;
    %store/vec4 v0x629e8c804550_0, 0, 64;
    %jmp T_9.1;
T_9.0 ;
    %load/vec4 v0x629e8c8043e0_0;
    %addi 4, 0, 64;
    %store/vec4 v0x629e8c804550_0, 0, 64;
T_9.1 ;
    %jmp T_9;
    .thread T_9, $push;
    .scope S_0x629e8c7fd990;
T_10 ;
    %wait E_0x629e8c77a1c0;
    %load/vec4 v0x629e8c805010_0;
    %flag_set/vec4 8;
    %jmp/0xz  T_10.0, 8;
    %pushi/vec4 0, 0, 32;
    %assign/vec4 v0x629e8c8045f0_0, 0;
    %pushi/vec4 0, 0, 64;
    %assign/vec4 v0x629e8c8043e0_0, 0;
    %jmp T_10.1;
T_10.0 ;
    %load/vec4 v0x629e8c8045f0_0;
    %dup/vec4;
    %pushi/vec4 0, 0, 32;
    %cmp/u;
    %jmp/1 T_10.2, 6;
    %dup/vec4;
    %pushi/vec4 1, 0, 32;
    %cmp/u;
    %jmp/1 T_10.3, 6;
    %dup/vec4;
    %pushi/vec4 2, 0, 32;
    %cmp/u;
    %jmp/1 T_10.4, 6;
    %dup/vec4;
    %pushi/vec4 3, 0, 32;
    %cmp/u;
    %jmp/1 T_10.5, 6;
    %dup/vec4;
    %pushi/vec4 4, 0, 32;
    %cmp/u;
    %jmp/1 T_10.6, 6;
    %jmp T_10.7;
T_10.2 ;
    %pushi/vec4 1, 0, 32;
    %assign/vec4 v0x629e8c8045f0_0, 0;
    %jmp T_10.7;
T_10.3 ;
    %pushi/vec4 2, 0, 32;
    %assign/vec4 v0x629e8c8045f0_0, 0;
    %jmp T_10.7;
T_10.4 ;
    %pushi/vec4 3, 0, 32;
    %assign/vec4 v0x629e8c8045f0_0, 0;
    %jmp T_10.7;
T_10.5 ;
    %pushi/vec4 4, 0, 32;
    %assign/vec4 v0x629e8c8045f0_0, 0;
    %jmp T_10.7;
T_10.6 ;
    %pushi/vec4 0, 0, 32;
    %assign/vec4 v0x629e8c8045f0_0, 0;
    %load/vec4 v0x629e8c804550_0;
    %assign/vec4 v0x629e8c8043e0_0, 0;
    %jmp T_10.7;
T_10.7 ;
    %pop/vec4 1;
T_10.1 ;
    %jmp T_10;
    .thread T_10;
    .scope S_0x629e8c8052c0;
T_11 ;
    %wait E_0x629e8c77a1c0;
    %load/vec4 v0x629e8c805d20_0;
    %flag_set/vec4 8;
    %jmp/0xz  T_11.0, 8;
    %pushi/vec4 0, 0, 32;
    %store/vec4 v0x629e8c805970_0, 0, 32;
T_11.2 ;
    %load/vec4 v0x629e8c805970_0;
    %cmpi/s 2048, 0, 32;
    %jmp/0xz T_11.3, 5;
    %pushi/vec4 0, 0, 32;
    %ix/getv/s 3, v0x629e8c805970_0;
    %ix/load 4, 0, 0; Constant delay
    %assign/vec4/a/d v0x629e8c805a40, 0, 4;
    %load/vec4 v0x629e8c805970_0;
    %addi 1, 0, 32;
    %store/vec4 v0x629e8c805970_0, 0, 32;
    %jmp T_11.2;
T_11.3 ;
    %jmp T_11.1;
T_11.0 ;
    %load/vec4 v0x629e8c805ea0_0;
    %flag_set/vec4 8;
    %jmp/0xz  T_11.4, 8;
    %load/vec4 v0x629e8c805dc0_0;
    %load/vec4 v0x629e8c8057d0_0;
    %pad/u 14;
    %ix/vec4 3;
    %ix/load 4, 0, 0; Constant delay
    %assign/vec4/a/d v0x629e8c805a40, 0, 4;
T_11.4 ;
    %load/vec4 v0x629e8c805c60_0;
    %flag_set/vec4 8;
    %jmp/0xz  T_11.6, 8;
    %load/vec4 v0x629e8c8057d0_0;
    %pad/u 14;
    %ix/vec4 4;
    %load/vec4a v0x629e8c805a40, 4;
    %assign/vec4 v0x629e8c805b00_0, 0;
T_11.6 ;
T_11.1 ;
    %jmp T_11;
    .thread T_11;
    .scope S_0x629e8c77ba40;
T_12 ;
    %wait E_0x629e8c77a1c0;
    %load/vec4 v0x629e8c7d7880_0;
    %flag_set/vec4 8;
    %jmp/0xz  T_12.0, 8;
    %pushi/vec4 0, 0, 32;
    %store/vec4 v0x629e8c7dc410_0, 0, 32;
T_12.2 ;
    %load/vec4 v0x629e8c7dc410_0;
    %cmpi/s 2048, 0, 32;
    %jmp/0xz T_12.3, 5;
    %pushi/vec4 0, 0, 64;
    %ix/getv/s 3, v0x629e8c7dc410_0;
    %ix/load 4, 0, 0; Constant delay
    %assign/vec4/a/d v0x629e8c7d55e0, 0, 4;
    %load/vec4 v0x629e8c7dc410_0;
    %addi 1, 0, 32;
    %store/vec4 v0x629e8c7dc410_0, 0, 32;
    %jmp T_12.2;
T_12.3 ;
    %jmp T_12.1;
T_12.0 ;
    %load/vec4 v0x629e8c7fd7f0_0;
    %flag_set/vec4 8;
    %jmp/0xz  T_12.4, 8;
    %load/vec4 v0x629e8c7fd710_0;
    %load/vec4 v0x629e8c7e3e30_0;
    %pad/u 14;
    %ix/vec4 3;
    %ix/load 4, 0, 0; Constant delay
    %assign/vec4/a/d v0x629e8c7d55e0, 0, 4;
T_12.4 ;
    %load/vec4 v0x629e8c7d90f0_0;
    %flag_set/vec4 8;
    %jmp/0xz  T_12.6, 8;
    %load/vec4 v0x629e8c7e3e30_0;
    %pad/u 14;
    %ix/vec4 4;
    %load/vec4a v0x629e8c7d55e0, 4;
    %assign/vec4 v0x629e8c7d83e0_0, 0;
T_12.6 ;
T_12.1 ;
    %jmp T_12;
    .thread T_12;
    .scope S_0x629e8c7d23a0;
T_13 ;
    %pushi/vec4 0, 0, 1;
    %store/vec4 v0x629e8c806080_0, 0, 1;
T_13.0 ;
    %delay 5000, 0;
    %load/vec4 v0x629e8c806080_0;
    %inv;
    %store/vec4 v0x629e8c806080_0, 0, 1;
    %jmp T_13.0;
    %end;
    .thread T_13;
    .scope S_0x629e8c7d23a0;
T_14 ;
    %vpi_call/w 3 67 "$dumpfile", "dump.vcd" {0 0 0};
    %vpi_call/w 3 68 "$dumpvars", 32'sb00000000000000000000000000000000, S_0x629e8c7d23a0 {0 0 0};
    %end;
    .thread T_14;
    .scope S_0x629e8c7d23a0;
T_15 ;
    %pushi/vec4 1, 0, 1;
    %store/vec4 v0x629e8c8066f0_0, 0, 1;
    %delay 12000, 0;
    %pushi/vec4 0, 0, 1;
    %store/vec4 v0x629e8c8066f0_0, 0, 1;
    %end;
    .thread T_15;
    .scope S_0x629e8c7d23a0;
T_16 ;
    %delay 13000, 0;
    %pushi/vec4 16777363, 0, 32;
    %ix/load 4, 0, 0;
    %flag_set/imm 4, 0;
    %store/vec4a v0x629e8c805a40, 4, 0;
    %pushi/vec4 50331923, 0, 32;
    %ix/load 4, 1, 0;
    %flag_set/imm 4, 0;
    %store/vec4a v0x629e8c805a40, 4, 0;
    %pushi/vec4 1074856371, 0, 32;
    %ix/load 4, 2, 0;
    %flag_set/imm 4, 0;
    %store/vec4a v0x629e8c805a40, 4, 0;
    %pushi/vec4 3224611, 0, 32;
    %ix/load 4, 3, 0;
    %flag_set/imm 4, 0;
    %store/vec4a v0x629e8c805a40, 4, 0;
    %pushi/vec4 41988611, 0, 32;
    %ix/load 4, 4, 0;
    %flag_set/imm 4, 0;
    %store/vec4a v0x629e8c805a40, 4, 0;
    %pushi/vec4 4261414627, 0, 32;
    %ix/load 4, 5, 0;
    %flag_set/imm 4, 0;
    %store/vec4a v0x629e8c805a40, 4, 0;
    %end;
    .thread T_16;
    .scope S_0x629e8c7d23a0;
T_17 ;
    %wait E_0x629e8c77a1c0;
    %vpi_call/w 3 138 "$display", "time=%0t PC=%0d state=%0d x1=%0d x2=%0d x3=%0d x4=%0d ALU=%0d", $time, v0x629e8c806590_0, v0x629e8c8045f0_0, &A<v0x629e8c802540, 1>, &A<v0x629e8c802540, 2>, &A<v0x629e8c802540, 3>, &A<v0x629e8c802540, 4>, v0x629e8c8037d0_0 {0 0 0};
    %jmp T_17;
    .thread T_17;
    .scope S_0x629e8c7d23a0;
T_18 ;
    %pushi/vec4 150, 0, 32;
T_18.0 %dup/vec4;
    %pushi/vec4 0, 0, 32;
    %cmp/s;
    %jmp/1xz T_18.1, 5;
    %jmp/1 T_18.1, 4;
    %pushi/vec4 1, 0, 32;
    %sub;
    %wait E_0x629e8c77a1c0;
    %jmp T_18.0;
T_18.1 ;
    %pop/vec4 1;
    %delay 1000, 0;
    %vpi_call/w 3 154 "$finish" {0 0 0};
    %end;
    .thread T_18;
# The file index is used to find the file name in the following table.
:file_names 9;
    "N/A";
    "<interactive>";
    "-";
    "core_tb.sv";
    "memory.sv";
    "core.sv";
    "alu.sv";
    "registers.sv";
    "control.sv";
